background = #f2edde
foreground = #0e0b03
cursor-color = #0e0b03
cursor-text = #f2edde
selection-background = #a2afc1
selection-foreground = #0e0b03
palette = 0=#f2edde
palette = 1=#8a5e5c
palette = 2=#537348
palette = 3=#736949
palette = 4=#576c8c
palette = 5=#8a5e5c
palette = 6=#537348
palette = 7=#19160b
palette = 8=#8f7b73
palette = 9=#7b6462
palette = 10=#5a6f4f
palette = 11=#6c6c4c
palette = 12=#576d75
palette = 13=#7b6462
palette = 14=#5a6f4f
palette = 15=#0e0b03
